<<<<<<< HEAD
<<<<<<< HEAD
Source: C:\Users\Diego\Desktop\VRID-AlumniUC\data\EXPORT_SIPA(in).csv
=======
Source: C:\Users\Lenovo\OneDrive - Universidad Católica de Chile\Semestre XII\Proyecto de titulo\VRID-AlumniUC-maira\data\EXPORT_SIPA(in).csv
>>>>>>> origin/branch-fer
Removed columns: 114
=======
Source: /Users/Maira/Desktop/VRID-AlumniUC/data/EXPORT_SIPA(in).csv
Removed columns: 157
>>>>>>> origin/maira
'dc.article.number[]'
'dc.cargado'
'dc.cargado[]'
'dc.catalogador[]'
'dc.concurso'
'dc.concurso[]'
'dc.contributor.advisor'
'dc.contributor.author[]'
'dc.contributor.editor[]'
'dc.contributor.illustrator'
'dc.contributor.illustrator[]'
'dc.contributor.other[]'
'dc.contributor.participante[]'
'dc.date'
'dc.date.accessioned[]'
'dc.date.available[]'
'dc.date.concesion'
'dc.date.created'
'dc.date.created[]'
'dc.date.issued[]'
'dc.date.updated[]'
'dc.date[]'
'dc.description.abstract[]'
'dc.description.abstract[es_CL]'
'dc.description.auspiciador[]'
'dc.description.caracterobra'
'dc.description.caracterobra[]'
'dc.description.funder[]'
'dc.description.sponsorship'
'dc.description.sponsorship[]'
'dc.description.uri'
'dc.description.uri[]'
'dc.description.version'
'dc.description.version[]'
'dc.description[]'
'dc.estado.patente'
'dc.estado.patente[]'
'dc.fechaingreso.objetodigital[]'
'dc.format'
'dc.format.extent[]'
'dc.format.medium'
'dc.format.medium[]'
'dc.fuente.origen[]'
'dc.identifier.UA'
'dc.identifier.UA[]'
'dc.identifier.citation[]'
'dc.identifier.codUA1'
'dc.identifier.codUA1[]'
'dc.identifier.concesion'
'dc.identifier.concesion[]'
'dc.identifier.converisid'
'dc.identifier.converisid[]'
'dc.identifier.dialnetid'
'dc.identifier.dialnetid[]'
'dc.identifier.doi[]'
'dc.identifier.eisbn[]'
'dc.identifier.eissn[]'
'dc.identifier.govdoc'
'dc.identifier.govdoc[]'
'dc.identifier.isbn[]'
'dc.identifier.issn[]'
'dc.identifier.other'
'dc.identifier.other[]'
'dc.identifier.pubmedid[]'
'dc.identifier.scieloid'
'dc.identifier.scieloid[]'
'dc.identifier.scopusid[]'
'dc.identifier.uri[]'
'dc.identifier.wosid[]'
'dc.information.autoruc[]'
'dc.issue.numero[]'
'dc.language'
'dc.language.iso[]'
'dc.language.iso[es_CL]'
'dc.language[]'
'dc.lugar.publicacion[]'
'dc.nota.acceso[]'
'dc.pagina.final[]'
'dc.pagina.inicio[]'
'dc.pais'
'dc.pais[]'
'dc.presentacion'
'dc.presentacion[]'
'dc.publisher[]'
'dc.relation'
'dc.relation.isformatof[]'
'dc.relation.ispartof[]'
'dc.relation.ispartofseries'
'dc.relation.ispartofseries[]'
'dc.relation.uri'
'dc.relation.uri[]'
'dc.relation[]'
'dc.revista'
'dc.revista[]'
'dc.rights'
'dc.rights.holder'
'dc.rights.holder[]'
'dc.rights.license[]'
'dc.rights.spa[]'
'dc.rights.uri[]'
'dc.rol[]'
'dc.solicitante'
'dc.solicitante[]'
'dc.subject'
'dc.subject.classification'
'dc.subject.ddc[]'
'dc.subject.dewey'
'dc.subject.dewey[]'
'dc.subject.ods[]'
'dc.subject.odspa[]'
'dc.subject.other'
'dc.subject.other[]'
'dc.subject[]'
'dc.subject[es_CL]'
'dc.territorialidad'
'dc.territorialidad[]'
'dc.tipodeobra[]'
'dc.title.alternative'
'dc.title.alternative[]'
'dc.title[]'
'dc.title[es_CL]'
'dc.type[]'
'dc.type[es_CL]'
'dc.types.oa'
'dc.ubicacion[]'
'dc.volumen[]'
'dcterms.eisbn[]'
'dcterms.eissn'
'dcterms.rights[]'
'dcterms.validacionsipa[]'
'sipa.DynamicData'
'sipa.StaticData'
'sipa.WOS_Dates'
'sipa.afi.uc[]'
'sipa.autores_UC'
'sipa.codpersvinculados[]'
'sipa.fecha.validacionbiblio[]'
'sipa.fecha.validavinculacion'
'sipa.fecha.validavinculacion[]'
'sipa.fecha.vinculacion[]'
'sipa.fechainicio[]'
'sipa.fechatermino[]'
'sipa.identifier.ha[]'
'sipa.identifier.hacreacionartistica'
'sipa.identifier.hacreacionartistica[]'
'sipa.identifier.repositoriouc[]'
'sipa.identifier.solicpropintelectual'
'sipa.index[]'
'sipa.revision[]'
'sipa.tipocreacion[]'
'sipa.trazabilidad[]'
'sipa.type.local'
'sipa.validacionbiblio[]'
'sipa.validacionods[]'
'sipa.validacionrights[]'
'sipa.validacionsipa[]'
'sipa.vinculacionsipa[]'
